 1.$ git init--create a repo on this file

2. $ git status

On branch master
No commits yet

Untracked files:
  (use "git add <file>..." to include in what will be committed)
        biswajit_110cv[1].docx
        firs_class.txt

*** file should be in red color--means--this fils is untracked



3. git add --a   ----stageing are complgte

means files should be going to stageing area and file also tracked.


4.$ git status
On branch master

No commits yet

Changes to be committed:
  (use "git rm --cached <file>..." to unstage)
        new file:   biswajit_110cv[1].docx
        new file:   firs_class.txt

5.$ git commit -m "first_repo"

[master (root-commit) 706f107] first_repo
 2 files changed, 1 insertion(+)
 create mode 100644 biswajit_110cv[1].docx
 create mode 100644 firs_class.txt


6.$ git status
On branch master
nothing to commit, working tree clean


8.git remote add origin 'paste SSH key'

9.git branch -M main

10.git push -u origin main

for push the local system to git repositoty

7.
if have no idea how generate ssh then go to this link:-
https://docs.github.com/en/free-pro-team@latest/github/authenticating-to-github/generating-a-new-ssh-key-and-adding-it-to-the-ssh-agent

how Create a SSH key>

1.ssh-keygen -t rsa -b 4096 -C "your_email@example.com"
2.eval $(ssh-agent -s)
3.ssh-add ~/.ssh/id_rsa
4.tail ~/.ssh/id_rsa.pub

then you will get your SSH key

then paste is in SSH key location.

location:-settings:-SSH and GPG KEYS:-New SSH key




***Pull of code ***
In the git when you pull the code that's called cloning.

1.git clone 'SSH key/HTTPS keys'


$ git clone git@github.com:itpp-labs/misc-addons.git
Cloning into 'misc-addons'...
Warning: Permanently added the RSA host key for IP address '13.234.176.102' to the list of known hosts.
remote: Enumerating objects: 40, done.
remote: Counting objects: 100% (40/40), done.
remote: Compressing objects: 100% (34/34), done.
remote: Total 28999 (delta 8), reused 14 (delta 2), pack-reused 28959
Receiving objects: 100% (28999/28999), 29.47 MiB | 2.23 MiB/s, done.
Resolving deltas: 100% (17933/17933), done.

